
> classcore.ge@0.1.0 build
> next build

  ▲ Next.js 14.2.35
  - Environments: .env.local

   Creating an optimized production build ...
 ✓ Compiled successfully
   Linting and checking validity of types ...

Failed to compile.

./src/app/(auth)/login/page.tsx
61:29  Warning: Using `<img>` could result in slower LCP and higher bandwidth. Consider using `<Image />` from `next/image` to automatically optimize images. This may incur additional usage or cost from your provider. See: https://nextjs.org/docs/messages/no-img-element  @next/next/no-img-element

./src/app/(auth)/register/page.tsx
67:29  Warning: Using `<img>` could result in slower LCP and higher bandwidth. Consider using `<Image />` from `next/image` to automatically optimize images. This may incur additional usage or cost from your provider. See: https://nextjs.org/docs/messages/no-img-element  @next/next/no-img-element

./src/app/(dashboard)/attendance/page.tsx
57:119  Error: Unexpected any. Specify a different type.  @typescript-eslint/no-explicit-any
132:16  Error: 'lang' is assigned a value but never used.  @typescript-eslint/no-unused-vars
148:8  Warning: React Hook useEffect has missing dependencies: 'filteredSchedule' and 'selectedClass'. Either include them or remove the dependency array.  react-hooks/exhaustive-deps
270:8  Warning: React Hook useCallback has missing dependencies: 'att', 'saveAttendance', and 't.noData'. Either include them or remove the dependency array.  react-hooks/exhaustive-deps
578:126  Error: Unexpected any. Specify a different type.  @typescript-eslint/no-explicit-any
595:70  Error: Unexpected any. Specify a different type.  @typescript-eslint/no-explicit-any

./src/app/(dashboard)/calendar/page.tsx
76:10  Error: 'colorBorder' is defined but never used.  @typescript-eslint/no-unused-vars
273:28  Error: '_events' is defined but never used.  @typescript-eslint/no-unused-vars
299:26  Error: '_events' is defined but never used.  @typescript-eslint/no-unused-vars
336:11  Error: 'isDemo' is assigned a value but never used.  @typescript-eslint/no-unused-vars

./src/app/(dashboard)/dashboard/page.tsx
16:10  Error: 'getEvents' is defined but never used.  @typescript-eslint/no-unused-vars
140:54  Error: Unexpected any. Specify a different type.  @typescript-eslint/no-explicit-any
141:54  Error: Unexpected any. Specify a different type.  @typescript-eslint/no-explicit-any

./src/app/(dashboard)/hall-rental/page.tsx
377:55  Error: Unexpected any. Specify a different type.  @typescript-eslint/no-explicit-any
400:55  Error: Unexpected any. Specify a different type.  @typescript-eslint/no-explicit-any

./src/app/(dashboard)/halls/page.tsx
5:50  Error: 'Key' is defined but never used.  @typescript-eslint/no-unused-vars
84:37  Warning: Using `<img>` could result in slower LCP and higher bandwidth. Consider using `<Image />` from `next/image` to automatically optimize images. This may incur additional usage or cost from your provider. See: https://nextjs.org/docs/messages/no-img-element  @next/next/no-img-element

./src/app/(dashboard)/settings/plans/page.tsx
5:52  Error: 'Clock' is defined but never used.  @typescript-eslint/no-unused-vars

./src/app/(dashboard)/shop/page.tsx
14:10  Error: 'CheckinRecord' is defined but never used.  @typescript-eslint/no-unused-vars
242:45  Warning: Using `<img>` could result in slower LCP and higher bandwidth. Consider using `<Image />` from `next/image` to automatically optimize images. This may incur additional usage or cost from your provider. See: https://nextjs.org/docs/messages/no-img-element  @next/next/no-img-element
242:45  Warning: img elements must have an alt prop, either with meaningful text, or an empty string for decorative images.  jsx-a11y/alt-text
300:33  Warning: Using `<img>` could result in slower LCP and higher bandwidth. Consider using `<Image />` from `next/image` to automatically optimize images. This may incur additional usage or cost from your provider. See: https://nextjs.org/docs/messages/no-img-element  @next/next/no-img-element
300:33  Warning: img elements must have an alt prop, either with meaningful text, or an empty string for decorative images.  jsx-a11y/alt-text

./src/app/(dashboard)/students/page.tsx
155:45  Warning: Using `<img>` could result in slower LCP and higher bandwidth. Consider using `<Image />` from `next/image` to automatically optimize images. This may incur additional usage or cost from your provider. See: https://nextjs.org/docs/messages/no-img-element  @next/next/no-img-element

./src/app/(dashboard)/subscriptions/page.tsx
17:11  Error: 'Plan' is defined but never used.  @typescript-eslint/no-unused-vars

./src/app/(dashboard)/teachers/page.tsx
161:41  Warning: Using `<img>` could result in slower LCP and higher bandwidth. Consider using `<Image />` from `next/image` to automatically optimize images. This may incur additional usage or cost from your provider. See: https://nextjs.org/docs/messages/no-img-element  @next/next/no-img-element

./src/app/page.tsx
70:29  Warning: Using `<img>` could result in slower LCP and higher bandwidth. Consider using `<Image />` from `next/image` to automatically optimize images. This may incur additional usage or cost from your provider. See: https://nextjs.org/docs/messages/no-img-element  @next/next/no-img-element
77:33  Warning: Using `<img>` could result in slower LCP and higher bandwidth. Consider using `<Image />` from `next/image` to automatically optimize images. This may incur additional usage or cost from your provider. See: https://nextjs.org/docs/messages/no-img-element  @next/next/no-img-element
155:49  Warning: Using `<img>` could result in slower LCP and higher bandwidth. Consider using `<Image />` from `next/image` to automatically optimize images. This may incur additional usage or cost from your provider. See: https://nextjs.org/docs/messages/no-img-element  @next/next/no-img-element
170:41  Warning: Using `<img>` could result in slower LCP and higher bandwidth. Consider using `<Image />` from `next/image` to automatically optimize images. This may incur additional usage or cost from your provider. See: https://nextjs.org/docs/messages/no-img-element  @next/next/no-img-element
263:45  Warning: Using `<img>` could result in slower LCP and higher bandwidth. Consider using `<Image />` from `next/image` to automatically optimize images. This may incur additional usage or cost from your provider. See: https://nextjs.org/docs/messages/no-img-element  @next/next/no-img-element
361:37  Warning: Using `<img>` could result in slower LCP and higher bandwidth. Consider using `<Image />` from `next/image` to automatically optimize images. This may incur additional usage or cost from your provider. See: https://nextjs.org/docs/messages/no-img-element  @next/next/no-img-element
368:41  Warning: Using `<img>` could result in slower LCP and higher bandwidth. Consider using `<Image />` from `next/image` to automatically optimize images. This may incur additional usage or cost from your provider. See: https://nextjs.org/docs/messages/no-img-element  @next/next/no-img-element

./src/components/halls/HallModal.tsx
91:41  Warning: Using `<img>` could result in slower LCP and higher bandwidth. Consider using `<Image />` from `next/image` to automatically optimize images. This may incur additional usage or cost from your provider. See: https://nextjs.org/docs/messages/no-img-element  @next/next/no-img-element

./src/components/layout/Sidebar.tsx
160:25  Warning: Using `<img>` could result in slower LCP and higher bandwidth. Consider using `<Image />` from `next/image` to automatically optimize images. This may incur additional usage or cost from your provider. See: https://nextjs.org/docs/messages/no-img-element  @next/next/no-img-element

./src/components/students/StudentModal.tsx
277:49  Warning: Using `<img>` could result in slower LCP and higher bandwidth. Consider using `<Image />` from `next/image` to automatically optimize images. This may incur additional usage or cost from your provider. See: https://nextjs.org/docs/messages/no-img-element  @next/next/no-img-element
455:51  Warning: Using `<img>` could result in slower LCP and higher bandwidth. Consider using `<Image />` from `next/image` to automatically optimize images. This may incur additional usage or cost from your provider. See: https://nextjs.org/docs/messages/no-img-element  @next/next/no-img-element
468:49  Warning: Using `<img>` could result in slower LCP and higher bandwidth. Consider using `<Image />` from `next/image` to automatically optimize images. This may incur additional usage or cost from your provider. See: https://nextjs.org/docs/messages/no-img-element  @next/next/no-img-element

./src/components/teachers/TeacherModal.tsx
118:41  Warning: Using `<img>` could result in slower LCP and higher bandwidth. Consider using `<Image />` from `next/image` to automatically optimize images. This may incur additional usage or cost from your provider. See: https://nextjs.org/docs/messages/no-img-element  @next/next/no-img-element

info  - Need to disable some ESLint rules? Learn more here: https://nextjs.org/docs/basic-features/eslint#disabling-rules
